usage: train_swae_u_chi_5x5x5_opt_all_variables.py [-h]
                                                   [--data-folder DATA_FOLDER]
                                                   [--normalize]
                                                   [--normalize-method {minmax,zscore,pos_log,none}]
                                                   [--exclude-vars [EXCLUDE_VARS ...]]
                                                   [--scaleitup]
                                                   [--scale-target SCALE_TARGET]
                                                   [--latent-dim LATENT_DIM]
                                                   [--lambda-reg LAMBDA_REG]
                                                   [--encoder-channels ENCODER_CHANNELS]
                                                   [--arch {conv,mlp,gmlp}]
                                                   [--batch-size BATCH_SIZE]
                                                   [--epochs EPOCHS] [--lr LR]
                                                   [--train-split TRAIN_SPLIT]
                                                   [--early-stopping-patience EARLY_STOPPING_PATIENCE]
                                                   [--early-stopping-min-delta EARLY_STOPPING_MIN_DELTA]
                                                   [--num-workers NUM_WORKERS]
                                                   [--device DEVICE]
                                                   [--save-dir SAVE_DIR]
                                                   [--eval-interval EVAL_INTERVAL]
                                                   [--save-interval SAVE_INTERVAL]
train_swae_u_chi_5x5x5_opt_all_variables.py: error: unrecognized arguments: --lr-scheduler cosine --log-interval 50 --wandb
