Wed Jul 23 21:07:27 2025       
+-----------------------------------------------------------------------------------------+
| NVIDIA-SMI 550.163.01             Driver Version: 550.163.01     CUDA Version: 12.4     |
|-----------------------------------------+------------------------+----------------------+
| GPU  Name                 Persistence-M | Bus-Id          Disp.A | Volatile Uncorr. ECC |
| Fan  Temp   Perf          Pwr:Usage/Cap |           Memory-Usage | GPU-Util  Compute M. |
|                                         |                        |               MIG M. |
|=========================================+========================+======================|
|   0  NVIDIA A100-SXM4-40GB          On  |   00000000:46:00.0 Off |                    0 |
| N/A   31C    P0             61W /  400W |       1MiB /  40960MiB |      0%      Default |
|                                         |                        |             Disabled |
+-----------------------------------------+------------------------+----------------------+
                                                                                         
+-----------------------------------------------------------------------------------------+
| Processes:                                                                              |
|  GPU   GI   CI        PID   Type   Process name                              GPU Memory |
|        ID   ID                                                               Usage      |
|=========================================================================================|
|  No running processes found                                                             |
+-----------------------------------------------------------------------------------------+
Starting SWAE 3D All Variables training (5x5x5 OPTIMIZED version with SCALEITUP)
Job ID: 11201401
Node: gpua[087,091]
Scale target: 2.5e-3
Warning: tensorboard not available, logging will be disabled
Using device: cuda
Data folder: /u/tawal/BSSN-Extracted-Data/tt_q01/
Theoretical compression ratio: 7.8:1
✓ TF32 optimization enabled
Creating All Variables 5x5x5 datasets...
🔒 Creating 5x5x5 datasets with FIXED splits: train=80.0%, val=15.0%, test=5.0%
🎯 Using FIXED seed=42 to ensure test set is always the same samples
⚠️  Warning: Test ratio is 5.0%, not the intended 5%
Found 38 HDF5 files in /u/tawal/BSSN-Extracted-Data/tt_q01/
Loading bssn_gr_0_extracted.hdf5...
Available keys: ['centers', 'dx', 'dy', 'dz', 'levels', 'var_data', 'vars', 'vars_use']
Available variables: ['U_ALPHA', 'U_CHI', 'U_K', 'U_GT0', 'U_GT1', 'U_GT2', 'U_BETA0', 'U_BETA1', 'U_BETA2', 'U_B0', 'U_B1', 'U_B2', 'U_SYMGT0', 'U_SYMGT1', 'U_SYMGT2', 'U_SYMGT3', 'U_SYMGT4', 'U_SYMGT5', 'U_SYMAT0', 'U_SYMAT1', 'U_SYMAT2', 'U_SYMAT3', 'U_SYMAT4', 'U_SYMAT5', 'C_HAM', 'C_MOM0', 'C_MOM1', 'C_MOM2', 'C_PSI4_REAL', 'C_PSI4_IMG']
Variables to load (U_ prefix only): ['U_ALPHA', 'U_K', 'U_GT0', 'U_GT1', 'U_GT2', 'U_BETA0', 'U_BETA1', 'U_BETA2', 'U_B0', 'U_B1', 'U_B2', 'U_SYMGT0', 'U_SYMGT1', 'U_SYMGT2', 'U_SYMGT3', 'U_SYMGT4', 'U_SYMGT5', 'U_SYMAT0', 'U_SYMAT1', 'U_SYMAT2', 'U_SYMAT3', 'U_SYMAT4', 'U_SYMAT5']
Excluded variables: ['U_CHI', 'C_HAM', 'C_MOM0', 'C_MOM1', 'C_MOM2', 'C_PSI4_REAL', 'C_PSI4_IMG']
  Loaded 23 variables, total samples in file: 51704
Loading bssn_gr_10000_extracted.hdf5...
  Loaded 23 variables, total samples in file: 51704
Loading bssn_gr_10400_extracted.hdf5...
  Loaded 23 variables, total samples in file: 51980
Loading bssn_gr_10800_extracted.hdf5...
  Loaded 23 variables, total samples in file: 51428
Loading bssn_gr_11200_extracted.hdf5...
  Loaded 23 variables, total samples in file: 51014
Loading bssn_gr_11600_extracted.hdf5...
  Loaded 23 variables, total samples in file: 51704
Loading bssn_gr_12000_extracted.hdf5...
  Loaded 23 variables, total samples in file: 51152
Loading bssn_gr_1200_extracted.hdf5...
  Loaded 23 variables, total samples in file: 51152
Loading bssn_gr_12400_extracted.hdf5...
  Loaded 23 variables, total samples in file: 51152
Loading bssn_gr_12800_extracted.hdf5...
  Loaded 23 variables, total samples in file: 51428
Loading bssn_gr_13200_extracted.hdf5...
  Loaded 23 variables, total samples in file: 51290
Loading bssn_gr_13600_extracted.hdf5...
  Loaded 23 variables, total samples in file: 51152
Loading bssn_gr_14000_extracted.hdf5...
  Loaded 23 variables, total samples in file: 51152
Loading bssn_gr_14400_extracted.hdf5...
  Loaded 23 variables, total samples in file: 51566
Loading bssn_gr_14800_extracted.hdf5...
  Loaded 23 variables, total samples in file: 51014
Loading bssn_gr_15200_extracted.hdf5...
  Loaded 23 variables, total samples in file: 50186
Loading bssn_gr_15600_extracted.hdf5...
  Loaded 23 variables, total samples in file: 51014
Loading bssn_gr_16000_extracted.hdf5...
  Loaded 23 variables, total samples in file: 51980
Loading bssn_gr_1600_extracted.hdf5...
  Loaded 23 variables, total samples in file: 51704
Loading bssn_gr_16400_extracted.hdf5...
  Loaded 23 variables, total samples in file: 51428
Loading bssn_gr_16800_extracted.hdf5...
  Loaded 23 variables, total samples in file: 51152
Loading bssn_gr_17200_extracted.hdf5...
  Loaded 23 variables, total samples in file: 50600
Loading bssn_gr_17600_extracted.hdf5...
  Loaded 23 variables, total samples in file: 50876
Loading bssn_gr_18000_extracted.hdf5...
  Loaded 23 variables, total samples in file: 51566
Loading bssn_gr_18400_extracted.hdf5...
  Loaded 23 variables, total samples in file: 51428
Loading bssn_gr_18800_extracted.hdf5...
  Loaded 23 variables, total samples in file: 51290
Loading bssn_gr_19200_extracted.hdf5...
  Loaded 23 variables, total samples in file: 50186
Loading bssn_gr_19600_extracted.hdf5...
  Loaded 23 variables, total samples in file: 51842
Loading bssn_gr_2000_extracted.hdf5...
  Loaded 23 variables, total samples in file: 52532
Loading bssn_gr_2400_extracted.hdf5...
  Loaded 23 variables, total samples in file: 51428
Loading bssn_gr_2800_extracted.hdf5...
  Loaded 23 variables, total samples in file: 50876
Loading bssn_gr_3200_extracted.hdf5...
  Loaded 23 variables, total samples in file: 50738
Loading bssn_gr_3600_extracted.hdf5...
  Loaded 23 variables, total samples in file: 51290
Loading bssn_gr_4000_extracted.hdf5...
  Loaded 23 variables, total samples in file: 50876
Loading bssn_gr_400_extracted.hdf5...
  Loaded 23 variables, total samples in file: 51428
Loading bssn_gr_4400_extracted.hdf5...
  Loaded 23 variables, total samples in file: 50048
Loading bssn_gr_4800_extracted.hdf5...
  Loaded 23 variables, total samples in file: 51014
Loading bssn_gr_5200_extracted.hdf5...
  Loaded 23 variables, total samples in file: 51290
Extracting 5x5x5 center crop from 7x7x7 data...
Original data shape: (1947364, 7, 7, 7)
Cropped data shape: (1947364, 5, 5, 5)
Crop indices: [:, 1:6, 1:6, 1:6]
Final data shape: (1947364, 1, 5, 5, 5)
Created sample_var_mapping with 1947364 entries
Sample variable distribution: {'U_ALPHA': 84668, 'U_B0': 84668, 'U_B1': 84668, 'U_B2': 84668, 'U_BETA0': 84668, 'U_BETA1': 84668, 'U_BETA2': 84668, 'U_GT0': 84668, 'U_GT1': 84668, 'U_GT2': 84668, 'U_K': 84668, 'U_SYMAT0': 84668, 'U_SYMAT1': 84668, 'U_SYMAT2': 84668, 'U_SYMAT3': 84668, 'U_SYMAT4': 84668, 'U_SYMAT5': 84668, 'U_SYMGT0': 84668, 'U_SYMGT1': 84668, 'U_SYMGT2': 84668, 'U_SYMGT3': 84668, 'U_SYMGT4': 84668, 'U_SYMGT5': 84668}
🔒 Applied deterministic shuffle with seed=42 for reproducible splits
🔒 FIXED Data Split: 1947364 total → 1557891 train (80.0%), 292104 val (15.0%), 97369 test (5.0%)
🎯 TEST SET: 97369 samples (5%) - NEVER seen during training/validation
Using training data: (1557891, 1, 5, 5, 5)
Applying per-sample positive-shift log normalization...
  With scaleitup preprocessing (target: 0.0025)
Training completed!
